pi@dex:~ $ nano ~/.bashrc
pi@dex:~ $ source ~/.bashrc
pi@dex:~ $ python3 -V
Python 3.6.8
pi@dex:~ $ sudo apt-get update
Get:1 http://deb.nodesource.com/node_9.x stretch InRelease [4,623 B]
Get:2 http://raspbian.raspberrypi.org/raspbian stretch InRelease [15.0 kB]     
Get:3 http://archive.raspberrypi.org/debian stretch InRelease [25.4 kB]        
Fetched 44.9 kB in 1s (32.9 kB/s)                              
Reading package lists... Done
pi@dex:~ $ sudo apt-get upgrade
Reading package lists... Done
Building dependency tree        
Reading state information... Done
Calculating upgrade... Done
The following packages have been kept back:
  libavfilter6 libavformat57 omxplayer
0 upgraded, 0 newly installed, 0 to remove and 3 not upgraded.
pi@dex:~ $ pip3 --version
pip 9.0.1 from /usr/lib/python3/dist-packages (python 3.5)
pi@dex:~ $ sudo -H pip3 install --upgrade pip
Collecting pip
  Downloading https://files.pythonhosted.org/packages/54/0c/d01aa759fdc501a58f431eb594a17495f15b88da142ce14b5845662c13f3/pip-20.0.2-py2.py3-none-any.whl (1.4MB)
    100% |████████████████████████████████| 1.4MB 199kB/s 
Installing collected packages: pip
  Found existing installation: pip 9.0.1
    Not uninstalling pip at /usr/lib/python3/dist-packages, outside environment /usr
Successfully installed pip-20.0.2
pi@dex:~ $ pip3 --version
WARNING: pip is being invoked by an old script wrapper. This will fail in a future version of pip.
Please see https://github.com/pypa/pip/issues/5599 for advice on fixing the underlying issue.
To avoid this problem you can invoke Python with '-m pip' instead of running pip directly.
pip 20.0.2 from /usr/local/lib/python3.5/dist-packages/pip (python 3.5)
pi@dex:~ $ pip --version
pip 20.0.2 from /usr/local/lib/python3.5/dist-packages/pip (python 3.5)
pi@dex:~ $ sudo git clone https://github.com/garciart/SmartSensor
Cloning into 'SmartSensor'...
remote: Enumerating objects: 56, done.
remote: Counting objects: 100% (56/56), done.
remote: Compressing objects: 100% (35/35), done.
remote: Total 221 (delta 22), reused 50 (delta 21), pack-reused 165
Receiving objects: 100% (221/221), 5.89 MiB | 4.82 MiB/s, done.
Resolving deltas: 100% (103/103), done.
pi@dex:~ $ cd SmartSensor
pi@dex:~/SmartSensor $ sudo chmod +x permissions.sh
pi@dex:~/SmartSensor $ sudo ./permissions.sh
chmod: cannot access 's3/sensor_test.py': No such file or directory
chmod: cannot access 's3/smart_sensor.py': No such file or directory
chmod: cannot access 's3/smart_sensor_client.py': No such file or directory
chmod: cannot access 's3/smart_sensor_server.py': No such file or directory
chmod: cannot access 's3/sock_test_client.py': No such file or directory
chmod: cannot access 's3/sock_test_server.py': No such file or directory
pi@dex:~/SmartSensor $ ls
LICENSE     permissions.sh  README.md         s3_scripts
ml_scripts  README          requirements.txt  setup.py
pi@dex:~/SmartSensor $ sudo nano permissions.sh
pi@dex:~/SmartSensor $ sudo ./permissions.sh
pi@dex:~/SmartSensor $ ls
LICENSE     permissions.sh  README.md         s3_scripts
ml_scripts  README          requirements.txt  setup.py
pi@dex:~/SmartSensor $ sudo python3 setup.py install
/usr/lib/python3.5/distutils/dist.py:261: UserWarning: Unknown distribution option: 'long_description_content_type'
  warnings.warn(msg)
running install
running bdist_egg
running egg_info
creating smart_sensor.egg-info
writing dependency_links to smart_sensor.egg-info/dependency_links.txt
writing top-level names to smart_sensor.egg-info/top_level.txt
writing smart_sensor.egg-info/PKG-INFO
writing manifest file 'smart_sensor.egg-info/SOURCES.txt'
reading manifest file 'smart_sensor.egg-info/SOURCES.txt'
writing manifest file 'smart_sensor.egg-info/SOURCES.txt'
installing library code to build/bdist.linux-armv7l/egg
running install_lib
warning: install_lib: 'build/lib' does not exist -- no Python modules to install

creating build
creating build/bdist.linux-armv7l
creating build/bdist.linux-armv7l/egg
creating build/bdist.linux-armv7l/egg/EGG-INFO
copying smart_sensor.egg-info/PKG-INFO -> build/bdist.linux-armv7l/egg/EGG-INFO
copying smart_sensor.egg-info/SOURCES.txt -> build/bdist.linux-armv7l/egg/EGG-INFO
copying smart_sensor.egg-info/dependency_links.txt -> build/bdist.linux-armv7l/egg/EGG-INFO
copying smart_sensor.egg-info/top_level.txt -> build/bdist.linux-armv7l/egg/EGG-INFO
zip_safe flag not set; analyzing archive contents...
creating dist
creating 'dist/smart_sensor-2020.1-py3.5.egg' and adding 'build/bdist.linux-armv7l/egg' to it
removing 'build/bdist.linux-armv7l/egg' (and everything under it)
Processing smart_sensor-2020.1-py3.5.egg
Copying smart_sensor-2020.1-py3.5.egg to /usr/local/lib/python3.5/dist-packages
Adding smart-sensor 2020.1 to easy-install.pth file

Installed /usr/local/lib/python3.5/dist-packages/smart_sensor-2020.1-py3.5.egg
Processing dependencies for smart-sensor==2020.1
Finished processing dependencies for smart-sensor==2020.1
pi@dex:~/SmartSensor $ pip3 install --no-cache-dir -r requirements.txt
WARNING: pip is being invoked by an old script wrapper. This will fail in a future version of pip.
Please see https://github.com/pypa/pip/issues/5599 for advice on fixing the underlying issue.
To avoid this problem you can invoke Python with '-m pip' instead of running pip directly.
Defaulting to user installation because normal site-packages is not writeable
Looking in indexes: https://pypi.org/simple, https://www.piwheels.org/simple
Requirement already satisfied: numpy in /usr/lib/python3/dist-packages (from -r requirements.txt (line 2)) (1.12.1)
Requirement already satisfied: scipy in /usr/lib/python3/dist-packages (from -r requirements.txt (line 3)) (0.18.1)
Collecting joblib
  Downloading joblib-0.14.1-py2.py3-none-any.whl (294 kB)
     |████████████████████████████████| 294 kB 2.1 MB/s 
Requirement already satisfied: six in /usr/lib/python3/dist-packages (from -r requirements.txt (line 5)) (1.12.0)
Collecting python-dateutil
  Downloading python_dateutil-2.8.1-py2.py3-none-any.whl (227 kB)
     |████████████████████████████████| 227 kB 6.7 MB/s 
Collecting pytz
  Downloading pytz-2019.3-py2.py3-none-any.whl (509 kB)
     |████████████████████████████████| 509 kB 6.0 MB/s 
Collecting pandas
  Downloading https://www.piwheels.org/simple/pandas/pandas-0.25.3-cp35-cp35m-linux_armv7l.whl (27.5 MB)
     |████████████████████████████████| 27.5 MB 5.9 MB/s 
Collecting cython
  Downloading https://www.piwheels.org/simple/cython/Cython-0.29.15-cp35-cp35m-linux_armv7l.whl (4.1 MB)
     |████████████████████████████████| 4.1 MB 87 kB/s 
Collecting pyparsing!=2.0.4,!=2.1.2,!=2.1.6,>=2.0.1
  Downloading pyparsing-2.4.6-py2.py3-none-any.whl (67 kB)
     |████████████████████████████████| 67 kB 4.9 MB/s 
Requirement already satisfied: setuptools in /usr/lib/python3/dist-packages (from -r requirements.txt (line 11)) (33.1.1)
Collecting kiwisolver
  Downloading https://www.piwheels.org/simple/kiwisolver/kiwisolver-1.1.0-cp35-cp35m-linux_armv7l.whl (912 kB)
     |████████████████████████████████| 912 kB 250 kB/s 
Collecting cycler
  Downloading cycler-0.10.0-py2.py3-none-any.whl (6.5 kB)
Collecting matplotlib
  Downloading https://www.piwheels.org/simple/matplotlib/matplotlib-3.0.3-cp35-cp35m-linux_armv7l.whl (10.9 MB)
     |████████████████████████████████| 10.9 MB 5.3 MB/s 
Collecting scikit-learn
  Downloading scikit-learn-0.22.2.post1.tar.gz (6.9 MB)
     |████████████████████████████████| 6.9 MB 4.7 MB/s 
Collecting protobuf
  Downloading protobuf-3.11.3-py2.py3-none-any.whl (434 kB)
     |████████████████████████████████| 434 kB 2.1 MB/s 
Collecting absl-py
  Downloading https://www.piwheels.org/simple/absl-py/absl_py-0.9.0-py3-none-any.whl (121 kB)
     |████████████████████████████████| 121 kB 166 kB/s 
Requirement already satisfied: wheel in /usr/lib/python3/dist-packages (from -r requirements.txt (line 18)) (0.29.0)
Collecting markdown
  Downloading Markdown-3.2.1-py2.py3-none-any.whl (88 kB)
     |████████████████████████████████| 88 kB 6.6 MB/s 
Requirement already satisfied: werkzeug in /usr/lib/python3/dist-packages (from -r requirements.txt (line 20)) (0.11.15)
Collecting html5lib==0.9999999
  Downloading https://www.piwheels.org/simple/html5lib/html5lib-0.9999999-py3-none-any.whl (111 kB)
     |████████████████████████████████| 111 kB 208 kB/s 
Collecting webencodings
  Downloading webencodings-0.5.1-py2.py3-none-any.whl (11 kB)
Collecting bleach
  Downloading bleach-3.1.1-py2.py3-none-any.whl (150 kB)
     |████████████████████████████████| 150 kB 3.5 MB/s 
Collecting tensorflow-tensorboard<1.6.0,>=1.5.0
  Downloading tensorflow_tensorboard-1.5.1-py3-none-any.whl (3.0 MB)
     |████████████████████████████████| 3.0 MB 3.7 MB/s 
Collecting tensorflow<2.0,>=1.3.0
  Downloading https://www.piwheels.org/simple/tensorflow/tensorflow-1.14.0-cp35-none-linux_armv7l.whl (100.7 MB)
     |████████████████████████████████| 100.7 MB 1.8 MB/s 
Collecting tensorflow_datasets
  Downloading tensorflow_datasets-2.1.0-py3-none-any.whl (3.1 MB)
     |████████████████████████████████| 3.1 MB 2.5 MB/s 
Collecting pyyaml
  Downloading https://www.piwheels.org/simple/pyyaml/PyYAML-5.3-cp35-cp35m-linux_armv7l.whl (45 kB)
     |████████████████████████████████| 45 kB 245 kB/s 
Collecting h5py
  Downloading https://www.piwheels.org/simple/h5py/h5py-2.10.0-cp35-cp35m-linux_armv7l.whl (3.5 MB)
     |████████████████████████████████| 3.5 MB 1.2 MB/s 
Collecting keras-applications>=1.0.8
  Downloading Keras_Applications-1.0.8-py3-none-any.whl (50 kB)
     |████████████████████████████████| 50 kB 3.6 MB/s 
Collecting keras-preprocessing
  Downloading Keras_Preprocessing-1.1.0-py2.py3-none-any.whl (41 kB)
     |████████████████████████████████| 41 kB 3.4 MB/s 
Collecting keras<2.3,>=2.0.8
  Downloading Keras-2.2.5-py2.py3-none-any.whl (336 kB)
     |████████████████████████████████| 336 kB 4.4 MB/s 
Collecting grpcio>=1.8.6
  Downloading grpcio-1.27.2-cp35-cp35m-linux_armv7l.whl (17.1 MB)
     |████████████████████████████████| 17.1 MB 2.7 MB/s 
Collecting tensorboard<1.15.0,>=1.14.0
  Downloading tensorboard-1.14.0-py3-none-any.whl (3.1 MB)
     |████████████████████████████████| 3.1 MB 4.1 MB/s 
Collecting gast>=0.2.0
  Downloading gast-0.3.3-py2.py3-none-any.whl (9.7 kB)
Collecting termcolor>=1.1.0
  Downloading https://www.piwheels.org/simple/termcolor/termcolor-1.1.0-py3-none-any.whl (4.8 kB)
Collecting wrapt>=1.11.1
  Downloading https://www.piwheels.org/simple/wrapt/wrapt-1.12.1-cp35-cp35m-linux_armv7l.whl (66 kB)
     |████████████████████████████████| 66 kB 350 kB/s 
Collecting astor>=0.6.0
  Downloading astor-0.8.1-py2.py3-none-any.whl (27 kB)
Collecting google-pasta>=0.1.6
  Downloading google_pasta-0.2.0-py3-none-any.whl (57 kB)
     |████████████████████████████████| 57 kB 8.0 MB/s 
Collecting tensorflow-estimator<1.15.0rc0,>=1.14.0rc0
  Downloading tensorflow_estimator-1.14.0-py2.py3-none-any.whl (488 kB)
     |████████████████████████████████| 488 kB 3.3 MB/s 
Collecting attrs>=18.1.0
  Downloading attrs-19.3.0-py2.py3-none-any.whl (39 kB)
Requirement already satisfied: future in /usr/local/lib/python3.5/dist-packages/future-0.16.0-py3.5.egg (from tensorflow_datasets->-r requirements.txt (line 26)) (0.16.0)
Collecting requests>=2.19.0
  Downloading requests-2.23.0-py2.py3-none-any.whl (58 kB)
     |████████████████████████████████| 58 kB 6.2 MB/s 
Collecting tensorflow-metadata
  Downloading tensorflow_metadata-0.21.1-py2.py3-none-any.whl (31 kB)
Collecting dill
  Downloading https://www.piwheels.org/simple/dill/dill-0.3.1.1-py3-none-any.whl (78 kB)
     |████████████████████████████████| 78 kB 391 kB/s 
Collecting tqdm
  Downloading tqdm-4.43.0-py2.py3-none-any.whl (59 kB)
     |████████████████████████████████| 59 kB 1.3 MB/s 
Collecting promise
  Downloading https://www.piwheels.org/simple/promise/promise-2.3-py3-none-any.whl (21 kB)
Collecting idna<3,>=2.5
  Downloading idna-2.9-py2.py3-none-any.whl (58 kB)
     |████████████████████████████████| 58 kB 4.2 MB/s 
Collecting urllib3!=1.25.0,!=1.25.1,<1.26,>=1.21.1
  Downloading urllib3-1.25.8-py2.py3-none-any.whl (125 kB)
     |████████████████████████████████| 125 kB 2.7 MB/s 
Collecting chardet<4,>=3.0.2
  Downloading chardet-3.0.4-py2.py3-none-any.whl (133 kB)
     |████████████████████████████████| 133 kB 2.8 MB/s 
Collecting certifi>=2017.4.17
  Downloading certifi-2019.11.28-py2.py3-none-any.whl (156 kB)
     |████████████████████████████████| 156 kB 2.5 MB/s 
Collecting googleapis-common-protos
  Downloading https://www.piwheels.org/simple/googleapis-common-protos/googleapis_common_protos-1.51.0-py3-none-any.whl (74 kB)
     |████████████████████████████████| 74 kB 388 kB/s 
Building wheels for collected packages: scikit-learn
  Building wheel for scikit-learn (setup.py) ... error
  ERROR: Command errored out with exit status 1:
   command: /usr/bin/python3 -u -c 'import sys, setuptools, tokenize; sys.argv[0] = '"'"'/tmp/pip-install-q5rpf6al/scikit-learn/setup.py'"'"'; __file__='"'"'/tmp/pip-install-q5rpf6al/scikit-learn/setup.py'"'"';f=getattr(tokenize, '"'"'open'"'"', open)(__file__);code=f.read().replace('"'"'\r\n'"'"', '"'"'\n'"'"');f.close();exec(compile(code, __file__, '"'"'exec'"'"'))' bdist_wheel -d /tmp/pip-wheel-l2ogrfes
       cwd: /tmp/pip-install-q5rpf6al/scikit-learn/
  Complete output (23 lines):
  Partial import of sklearn during the build process.
  /usr/lib/python3.5/distutils/dist.py:261: UserWarning: Unknown distribution option: 'project_urls'
    warnings.warn(msg)
  Traceback (most recent call last):
    File "/tmp/pip-install-q5rpf6al/scikit-learn/sklearn/_build_utils/__init__.py", line 32, in _check_cython_version
      import Cython
  ImportError: No module named 'Cython'
  
  During handling of the above exception, another exception occurred:
  
  Traceback (most recent call last):
    File "<string>", line 1, in <module>
    File "/tmp/pip-install-q5rpf6al/scikit-learn/setup.py", line 303, in <module>
      setup_package()
    File "/tmp/pip-install-q5rpf6al/scikit-learn/setup.py", line 299, in setup_package
      setup(**metadata)
    File "/usr/lib/python3/dist-packages/numpy/distutils/core.py", line 135, in setup
      config = configuration()
    File "/tmp/pip-install-q5rpf6al/scikit-learn/setup.py", line 180, in configuration
      _check_cython_version()
    File "/tmp/pip-install-q5rpf6al/scikit-learn/sklearn/_build_utils/__init__.py", line 33, in _check_cython_version
      except ModuleNotFoundError:
  NameError: name 'ModuleNotFoundError' is not defined
  ----------------------------------------
  ERROR: Failed building wheel for scikit-learn
  Running setup.py clean for scikit-learn
Failed to build scikit-learn
ERROR: tensorboard 1.14.0 has requirement setuptools>=41.0.0, but you'll have setuptools 33.1.1 which is incompatible.
ERROR: pandas 0.25.3 has requirement numpy>=1.13.3, but you'll have numpy 1.12.1 which is incompatible.
ERROR: tensorflow 1.14.0 has requirement numpy<2.0,>=1.14.5, but you'll have numpy 1.12.1 which is incompatible.
ERROR: tensorflow-tensorboard 1.5.1 has requirement bleach==1.5.0, but you'll have bleach 3.1.1 which is incompatible.
ERROR: markdown 3.2.1 has requirement setuptools>=36, but you'll have setuptools 33.1.1 which is incompatible.
Installing collected packages: joblib, python-dateutil, pytz, pandas, cython, pyparsing, kiwisolver, cycler, matplotlib, scikit-learn, protobuf, absl-py, markdown, html5lib, webencodings, bleach, tensorflow-tensorboard, grpcio, tensorboard, gast, h5py, keras-applications, termcolor, wrapt, astor, google-pasta, keras-preprocessing, tensorflow-estimator, tensorflow, attrs, idna, urllib3, chardet, certifi, requests, googleapis-common-protos, tensorflow-metadata, dill, tqdm, promise, tensorflow-datasets, pyyaml, keras
  WARNING: The scripts cygdb, cython and cythonize are installed in '/home/pi/.local/bin' which is not on PATH.
  Consider adding this directory to PATH or, if you prefer to suppress this warning, use --no-warn-script-location.
    Running setup.py install for scikit-learn ... done
  WARNING: The script markdown_py is installed in '/home/pi/.local/bin' which is not on PATH.
  Consider adding this directory to PATH or, if you prefer to suppress this warning, use --no-warn-script-location.
  WARNING: The script tensorboard is installed in '/home/pi/.local/bin' which is not on PATH.
  Consider adding this directory to PATH or, if you prefer to suppress this warning, use --no-warn-script-location.
  WARNING: The script tensorboard is installed in '/home/pi/.local/bin' which is not on PATH.
  Consider adding this directory to PATH or, if you prefer to suppress this warning, use --no-warn-script-location.
  WARNING: The scripts freeze_graph, saved_model_cli, tensorboard, tf_upgrade_v2, tflite_convert, toco and toco_from_protos are installed in '/home/pi/.local/bin' which is not on PATH.
  Consider adding this directory to PATH or, if you prefer to suppress this warning, use --no-warn-script-location.
  WARNING: The script chardetect is installed in '/home/pi/.local/bin' which is not on PATH.
  Consider adding this directory to PATH or, if you prefer to suppress this warning, use --no-warn-script-location.
  WARNING: The script tqdm is installed in '/home/pi/.local/bin' which is not on PATH.
  Consider adding this directory to PATH or, if you prefer to suppress this warning, use --no-warn-script-location.
Successfully installed absl-py-0.9.0 astor-0.8.1 attrs-19.3.0 bleach-3.1.1 certifi-2019.11.28 chardet-3.0.4 cycler-0.10.0 cython-0.29.15 dill-0.3.1.1 gast-0.3.3 google-pasta-0.2.0 googleapis-common-protos-1.51.0 grpcio-1.27.2 h5py-2.10.0 html5lib-0.9999999 idna-2.9 joblib-0.14.1 keras-2.2.5 keras-applications-1.0.8 keras-preprocessing-1.1.0 kiwisolver-1.1.0 markdown-3.2.1 matplotlib-3.0.3 pandas-0.25.3 promise-2.3 protobuf-3.11.3 pyparsing-2.4.6 python-dateutil-2.8.1 pytz-2019.3 pyyaml-5.3 requests-2.23.0 scikit-learn-0.22.2.post1 tensorboard-1.14.0 tensorflow-1.14.0 tensorflow-datasets-2.1.0 tensorflow-estimator-1.14.0 tensorflow-metadata-0.21.1 tensorflow-tensorboard-1.5.1 termcolor-1.1.0 tqdm-4.43.0 urllib3-1.25.8 webencodings-0.5.1 wrapt-1.12.1
pi@dex:~/SmartSensor $ 

